reset
title 'First Pass Stepped Plunger Die and Powder Model'

######### user-defined variables ############

{#mesh_size = 0.5}
{#mesh_size_coarsing_factor = 1.5}
{#die_wall_mesh_factor = 1.1}
{#unit_conversion = 0.001} #meter in 1 mm

######## start defined model dimensions ######

{#powder_compact_radius = 20.0/2.0}
{#powder_compact_height = 8.0}

{#die_wall_thickness = 10.0}
{#die_height = 30.0}

{#punch_base_radius = 20.0/2.0}
{#punch_base_height = 5.0}
{#punch_neck_radius = 10.0/2.0}
{#punch_neck_height = 10.0}
{#punch_neck_radius = 1.0} #roughly 1/8 inch--way too big


######### end defined model dimensions ######


############ Make the graphite die #################

{#punch_total_height = punch_base_height + punch_neck_height}
{#punch_step_radius = punch_base_radius - punch_neck_radius}
{#chamfer_side_length = sqrt(punch_neck_radius/2.0)}
{#total_model_height  = 2.0 * punch_total_height + powder_compact_height}

create surface rectangle width {punch_base_radius} height {punch_total_height} zplane
create surface rectangle width {punch_step_radius} height {punch_neck_height} zplane
create vertex {-punch_step_radius/2.0 + punch_neck_radius} {punch_neck_height/2} 0 on curve 5
create vertex {-punch_step_radius/2.0} {punch_neck_height/2 - punch_neck_radius} 0 on curve 6
create vertex {-punch_step_radius/2.0 + punch_neck_radius} {punch_neck_height/2 - punch_neck_radius} 0 on surface 2

create curve arc center vertex 11 9 10 radius {punch_neck_radius}
create surface curve 9  on surface 2
create curve vertex 6 9
create curve vertex 10 6
create surface curve 9 10 11
subtract body 3 from body 2
delete vertex 11

move surface 4 x {punch_step_radius / 2.0} y {-1 * punch_base_height / 2.0}
subtract body 2 from body 1

move surface 5 x {punch_base_radius / 2.0 } y {punch_total_height / 2.0}
surface 5 copy reflect y
move surface 6 y {2 * punch_total_height + powder_compact_height}

create surface rectangle width {die_wall_thickness} height {die_height}
move surface 7 x {die_wall_thickness / 2.0 + punch_base_radius} y {total_model_height / 2.0}

surface 5 name 'lower_plunger'
surface 6 name 'upper_plunger'
surface 7 name 'die_wall'



############ Make the powder compact #################
create surface rectangle width {powder_compact_radius} height {powder_compact_height} zplane
move surface 8 x {powder_compact_radius / 2.0} y {powder_compact_height / 2.0 + punch_total_height}

surface 8 name 'powder_compact'
block 4 surface powder_compact
block 4 name 'powder_compact'

curve 31 name 'top_powder_compact'
curve 33 name 'bottom_powder_compact'
curve 32 name 'centerline_powder_compact'
curve 34 name 'outer_powder_compact'


######## Mesh setup for the powder compact ######

imprint body all

#Set up different aspect ratio for the powder compact to get to better element aspect ratios after compression
curve top_powder_compact bottom_powder_compact scheme equal
curve top_powder_compact bottom_powder_compact size {mesh_size}
mesh curve top_powder_compact bottom_powder_compact
curve centerline_powder_compact outer_powder_compact scheme equal
curve outer_powder_compact size {mesh_size * mesh_size_coarsing_factor}
mesh curve outer_powder_compact

surface powder_compact scheme map
mesh surface powder_compact

# Set up the mesh for the plungers
surface lower_plunger upper_plunger scheme pave
surface lower_plunger upper_plunger size {mesh_size}
mesh surface lower_plunger upper_plunger

# Set up the biased mesh for the die wall
curve 35 36 37 38 39 scheme equal
curve 35 36 37 38 39 size {mesh_size}
mesh curve 35 36 37 38 39
curve 29 scheme bias fine size {mesh_size} factor {die_wall_mesh_factor} start vertex 31
curve 27 scheme bias fine size {mesh_size} factor {die_wall_mesh_factor} start vertex 30
mesh curve 27 29
surface die_wall scheme map
mesh surface die_wall

#quality surface all shape global draw mesh list

###### Sideset and Block Assignment #############

#Set names for the lower plunger block
block 1 surface lower_plunger
block 1 name 'lower_plunger'

sideset 101 add curve 1
sideset 101 name  'top_lower_plunger'
sideset 102 add curve 2
sideset 102 name 'centerline_lower_plunger'
sideset 103 add curve 16
sideset 103 name 'outer_lower_plunger'
sideset 104 add curve 17
sideset 104 name 'bottom_lower_plunger'


#Set names for the upper plunger block
block 2 surface upper_plunger
block 2 name 'upper_plunger'
sideset 201 add curve 24
sideset 201 name 'top_upper_plunger'
sideset 202 add curve 23
sideset 202 name 'centerline_upper_plunger'
sideset 203 add curve 21
sideset 203 name 'outer_upper_plunger'
sideset 204 add curve 22
sideset 204 name 'bottom_upper_plunger'


#Set names for the die wall block
block 3 surface die_wall
block 3 name 'die_wall'
sideset 301 add curve 27
sideset 301 name 'top_die_wall'
sideset 302 add curve 35 36 37 38 39
sideset 302 name 'inner_die_wall'
sideset 303 add curve 30
sideset 303 name 'outer_die_wall'
sideset 304 add curve 29
sideset 304 name 'bottom_die_wall'

nodeset 305 add vertex 30
nodeset 305 name 'upper_inner_die_wall_corner'
nodeset 306 add vertex 31
nodeset 306 name 'lower_inner_die_wall_corner'


#Sideset names for the powder block
sideset 401 add curve top_powder_compact
sideset 401 name 'top_powder_compact'
sideset 402 add curve bottom_powder_compact
sideset 402 name 'bottom_powder_compact'
sideset 403 add curve centerline_powder_compact
sideset 403 name 'centerline_powder_compact'
sideset 404 add curve outer_powder_compact
sideset 404 name 'outer_powder_compact'

sideset 501 add curve 16 21
sideset 501 name 'outer_plunger_surfaces'

block all element type QUAD8
body all scale {unit_conversion}

######### Save off the mesh ######

export mesh "stepped_plunger_powder_2d.e" dimension 2 block all overwrite

